// Jest Snapshot v1, https://goo.gl/fbAQLP

exports[`src/components/elements/LoadingSpin render 1`] = `
<section
  className="loading-spinner"
>
  <div
    style={
      Object {
        "border": "0.4444444444444444rem solid #f3f3f3",
        "borderBottom": "0.4444444444444444rem solid #3498db",
        "borderRight": "0.4444444444444444rem solid #3498db",
        "borderTop": "0.4444444444444444rem solid #3498db",
        "height": "4rem",
        "width": "4rem",
      }
    }
  />
</section>
`;
